This is pdfTeX, Version 3.141592653-2.6-1.40.29 (TeX Live 2026) (preloaded format=pdflatex 2026.3.22)  31 MAR 2026 23:39
entering extended mode
 restricted \write18 enabled.
 %&-line parsing enabled.
**/Users/gillesdemaneuf/Work/ResGestae/build/imposed/pdftmp/a.tex
(/Users/gillesdemaneuf/Work/ResGestae/build/imposed/pdftmp/a.tex
LaTeX2e <2025-11-01>
L3 programming layer <2026-01-19>

(/usr/local/texlive/2026/texmf-dist/tex/latex/base/article.cls
Document Class: article 2025/01/22 v1.4n Standard LaTeX document class
(/usr/local/texlive/2026/texmf-dist/tex/latex/base/size10.clo
File: size10.clo 2025/01/22 v1.4n Standard LaTeX file (size option)
)
\c@part=\count275
\c@section=\count276
\c@subsection=\count277
\c@subsubsection=\count278
\c@paragraph=\count279
\c@subparagraph=\count280
\c@figure=\count281
\c@table=\count282
\abovecaptionskip=\skip49
\belowcaptionskip=\skip50
\bibindent=\dimen148
) (/usr/local/texlive/2026/texmf-dist/tex/latex/geometry/geometry.sty
Package: geometry 2020/01/02 v5.9 Page Geometry
(/usr/local/texlive/2026/texmf-dist/tex/latex/graphics/keyval.sty
Package: keyval 2022/05/29 v1.15 key=value parser (DPC)
\KV@toks@=\toks17
) (/usr/local/texlive/2026/texmf-dist/tex/generic/iftex/ifvtex.sty
Package: ifvtex 2019/10/25 v1.7 ifvtex legacy package. Use iftex instead.
(/usr/local/texlive/2026/texmf-dist/tex/generic/iftex/iftex.sty
Package: iftex 2024/12/12 v1.0g TeX engine tests
))
\Gm@cnth=\count283
\Gm@cntv=\count284
\c@Gm@tempcnt=\count285
\Gm@bindingoffset=\dimen149
\Gm@wd@mp=\dimen150
\Gm@odd@mp=\dimen151
\Gm@even@mp=\dimen152
\Gm@layoutwidth=\dimen153
\Gm@layoutheight=\dimen154
\Gm@layouthoffset=\dimen155
\Gm@layoutvoffset=\dimen156
\Gm@dimlist=\toks18
) (/usr/local/texlive/2026/texmf-dist/tex/latex/base/inputenc.sty
Package: inputenc 2024/02/08 v1.3d Input encoding file
\inpenc@prehook=\toks19
\inpenc@posthook=\toks20
) (/usr/local/texlive/2026/texmf-dist/tex/latex/pdfpages/pdfpages.sty
Package: pdfpages 2025/07/23 v0.6g Insert pages of external PDF documents (AM)
(/usr/local/texlive/2026/texmf-dist/tex/latex/base/ifthen.sty
Package: ifthen 2024/03/16 v1.1e Standard LaTeX ifthen package (DPC)
) (/usr/local/texlive/2026/texmf-dist/tex/latex/tools/calc.sty
Package: calc 2025/03/01 v4.3b Infix arithmetic (KKT,FJ)
\calc@Acount=\count286
\calc@Bcount=\count287
\calc@Adimen=\dimen157
\calc@Bdimen=\dimen158
\calc@Askip=\skip51
\calc@Bskip=\skip52
LaTeX Info: Redefining \setlength on input line 86.
LaTeX Info: Redefining \addtolength on input line 87.
\calc@Ccount=\count288
\calc@Cskip=\skip53
) (/usr/local/texlive/2026/texmf-dist/tex/latex/eso-pic/eso-pic.sty
Package: eso-pic 2025/12/10 v3.0d eso-pic (RN)
\ESO@tempdima=\dimen159
\ESO@tempdimb=\dimen160
(/usr/local/texlive/2026/texmf-dist/tex/latex/xcolor/xcolor.sty
Package: xcolor 2024/09/29 v3.02 LaTeX color extensions (UK)
(/usr/local/texlive/2026/texmf-dist/tex/latex/graphics-cfg/color.cfg
File: color.cfg 2016/01/02 v1.6 sample color configuration
)
Package xcolor Info: Driver file: pdftex.def on input line 274.
(/usr/local/texlive/2026/texmf-dist/tex/latex/graphics-def/pdftex.def
File: pdftex.def 2025/09/29 v1.2d Graphics/color driver for pdftex
) (/usr/local/texlive/2026/texmf-dist/tex/latex/graphics/mathcolor.ltx)
Package xcolor Info: Model `cmy' substituted by `cmy0' on input line 1349.
Package xcolor Info: Model `hsb' substituted by `rgb' on input line 1353.
Package xcolor Info: Model `RGB' extended on input line 1365.
Package xcolor Info: Model `HTML' substituted by `rgb' on input line 1367.
Package xcolor Info: Model `Hsb' substituted by `hsb' on input line 1368.
Package xcolor Info: Model `tHsb' substituted by `hsb' on input line 1369.
Package xcolor Info: Model `HSB' substituted by `hsb' on input line 1370.
Package xcolor Info: Model `Gray' substituted by `gray' on input line 1371.
Package xcolor Info: Model `wave' substituted by `hsb' on input line 1372.
)) (/usr/local/texlive/2026/texmf-dist/tex/latex/etoolbox/etoolbox.sty
Package: etoolbox 2025/10/02 v2.5m e-TeX tools for LaTeX (JAW)
\etb@tempcnta=\count289
) (/usr/local/texlive/2026/texmf-dist/tex/latex/graphics/graphicx.sty
Package: graphicx 2024/12/31 v1.2e Enhanced LaTeX Graphics (DPC,SPQR)
(/usr/local/texlive/2026/texmf-dist/tex/latex/graphics/graphics.sty
Package: graphics 2024/08/06 v1.4g Standard LaTeX Graphics (DPC,SPQR)
(/usr/local/texlive/2026/texmf-dist/tex/latex/graphics/trig.sty
Package: trig 2023/12/02 v1.11 sin cos tan (DPC)
) (/usr/local/texlive/2026/texmf-dist/tex/latex/graphics-cfg/graphics.cfg
File: graphics.cfg 2016/06/04 v1.11 sample graphics configuration
)
Package graphics Info: Driver file: pdftex.def on input line 106.
)
\Gin@req@height=\dimen161
\Gin@req@width=\dimen162
)
\AM@pagewidth=\dimen163
\AM@pageheight=\dimen164
\AM@fboxrule=\dimen165
(/usr/local/texlive/2026/texmf-dist/tex/latex/pdfpages/pppdftex.def
File: pppdftex.def 2025/07/23 v0.6g Pdfpages driver for pdfTeX (AM)
)
\pdfpages@includegraphics@status=\count290
\AM@pagebox=\box53
\AM@global@opts=\toks21
\AM@pagecnt=\count291
\AM@toc@title=\toks22
\AM@lof@heading=\toks23
\c@AM@survey=\count292
\AM@templatesizebox=\box54
) (/usr/local/texlive/2026/texmf-dist/tex/latex/l3backend/l3backend-pdftex.def
File: l3backend-pdftex.def 2025-10-09 L3 backend support: PDF output (pdfTeX)
\l__color_backend_stack_int=\count293
) (./a.aux)
\openout1 = `a.aux'.

LaTeX Font Info:    Checking defaults for OML/cmm/m/it on input line 6.
LaTeX Font Info:    ... okay on input line 6.
LaTeX Font Info:    Checking defaults for OMS/cmsy/m/n on input line 6.
LaTeX Font Info:    ... okay on input line 6.
LaTeX Font Info:    Checking defaults for OT1/cmr/m/n on input line 6.
LaTeX Font Info:    ... okay on input line 6.
LaTeX Font Info:    Checking defaults for T1/cmr/m/n on input line 6.
LaTeX Font Info:    ... okay on input line 6.
LaTeX Font Info:    Checking defaults for TS1/cmr/m/n on input line 6.
LaTeX Font Info:    ... okay on input line 6.
LaTeX Font Info:    Checking defaults for OMX/cmex/m/n on input line 6.
LaTeX Font Info:    ... okay on input line 6.
LaTeX Font Info:    Checking defaults for U/cmr/m/n on input line 6.
LaTeX Font Info:    ... okay on input line 6.
*geometry* driver: auto-detecting
*geometry* detected driver: pdftex
*geometry* verbose mode - [ preamble ] result:
* driver: pdftex
* paper: a4paper
* layout: <same size as paper>
* layoutoffset:(h,v)=(0.0pt,0.0pt)
* modes: landscape 
* h-part:(L,W,R)=(126.75832pt, 591.5302pt, 126.75833pt)
* v-part:(T,H,B)=(71.70166pt, 418.25368pt, 107.55254pt)
* \paperwidth=845.04684pt
* \paperheight=597.50787pt
* \textwidth=591.5302pt
* \textheight=418.25368pt
* \oddsidemargin=54.48833pt
* \evensidemargin=54.48833pt
* \topmargin=-37.56833pt
* \headheight=12.0pt
* \headsep=25.0pt
* \topskip=10.0pt
* \footskip=30.0pt
* \marginparwidth=144.0pt
* \marginparsep=11.0pt
* \columnsep=10.0pt
* \skip\footins=9.0pt plus 4.0pt minus 2.0pt
* \hoffset=0.0pt
* \voffset=0.0pt
* \mag=1000
* \@twocolumnfalse
* \@twosidefalse
* \@mparswitchfalse
* \@reversemarginfalse
* (1in=72.27pt=25.4mm, 1cm=28.453pt)

(/usr/local/texlive/2026/texmf-dist/tex/context/base/mkii/supp-pdf.mkii
[Loading MPS to PDF converter (version 2006.09.02).]
\scratchcounter=\count294
\scratchdimen=\dimen166
\scratchbox=\box55
\nofMPsegments=\count295
\nofMParguments=\count296
\everyMPshowfont=\toks24
\MPscratchCnt=\count297
\MPscratchDim=\dimen167
\MPnumerator=\count298
\makeMPintoPDFobject=\count299
\everyMPtoPDFconversion=\toks25
) (/usr/local/texlive/2026/texmf-dist/tex/latex/epstopdf-pkg/epstopdf-base.sty
Package: epstopdf-base 2020-01-24 v2.11 Base part for package epstopdf
Package epstopdf-base Info: Redefining graphics rule for `.eps' on input line 4
85.
(/usr/local/texlive/2026/texmf-dist/tex/latex/latexconfig/epstopdf-sys.cfg
File: epstopdf-sys.cfg 2010/07/13 v1.3 Configuration of (r)epstopdf for TeX Liv
e
)) (/usr/local/texlive/2026/texmf-dist/tex/latex/pdflscape/pdflscape.sty
Package: pdflscape 2025-06-23 v0.14 Display of landscape pages in PDF

(/usr/local/texlive/2026/texmf-dist/tex/latex/pdflscape/pdflscape-nometadata.st
y
Package: pdflscape-nometadata 2025-06-23 v0.14 Display of landscape pages in PD
F (HO)
(/usr/local/texlive/2026/texmf-dist/tex/latex/graphics/lscape.sty
Package: lscape 2020/05/28 v3.02 Landscape Pages (DPC)
)
Package pdflscape Info: Auto-detected driver: pdftex on input line 81.
))

! Package ifthen Error: You can only set a boolean to `true' or `false'.

See the ifthen package documentation for explanation.
Type  H <return>  for immediate help.
 ...                                              
                                                  
l.7 ...res_gestae_imposed_A4.pdf}]{source-1.pdf,-}
                                                  
Try typing  <return>  to proceed.
If that doesn't work, type  X <return>  to quit.

<source-1.pdf, id=1, 421.10124pt x 597.50829pt>
File: source-1.pdf Graphic file (type pdf)
<use source-1.pdf>
Package pdftex.def Info: source-1.pdf  used on input line 7.
(pdftex.def)             Requested size: 421.1002pt x 597.50682pt.
<source-1.pdf, id=3, page=1, 421.10124pt x 597.50829pt>
File: source-1.pdf Graphic file (type pdf)
<use source-1.pdf, page 1>
Package pdftex.def Info: source-1.pdf , page1 used on input line 7.
(pdftex.def)             Requested size: 421.1002pt x 597.50682pt.
File: source-1.pdf Graphic file (type pdf)
<use source-1.pdf, page 1>
Package pdftex.def Info: source-1.pdf , page1 used on input line 7.
(pdftex.def)             Requested size: 421.4536pt x 598.00826pt.
File: source-1.pdf Graphic file (type pdf)
<use source-1.pdf, page 1>
Package pdftex.def Info: source-1.pdf , page1 used on input line 7.
(pdftex.def)             Requested size: 421.4536pt x 598.00826pt.
File: source-1.pdf Graphic file (type pdf)
<use source-1.pdf, page 1>
Package pdftex.def Info: source-1.pdf , page1 used on input line 7.
(pdftex.def)             Requested size: 421.4536pt x 598.00826pt.
<source-1.pdf, id=4, page=2, 421.10124pt x 597.50829pt>
File: source-1.pdf Graphic file (type pdf)
<use source-1.pdf, page 2>
Package pdftex.def Info: source-1.pdf , page2 used on input line 7.
(pdftex.def)             Requested size: 421.4536pt x 598.00826pt.
File: source-1.pdf Graphic file (type pdf)
<use source-1.pdf, page 2>
Package pdftex.def Info: source-1.pdf , page2 used on input line 7.
(pdftex.def)             Requested size: 421.4536pt x 598.00826pt.
File: source-1.pdf Graphic file (type pdf)
<use source-1.pdf, page 1>
Package pdftex.def Info: source-1.pdf , page1 used on input line 7.
(pdftex.def)             Requested size: 421.4536pt x 598.00826pt.
File: source-1.pdf Graphic file (type pdf)
<use source-1.pdf, page 2>
Package pdftex.def Info: source-1.pdf , page2 used on input line 7.
(pdftex.def)             Requested size: 421.4536pt x 598.00826pt.
[1


 <./source-1.pdf{/usr/local/texlive/2026/texmf-var/fonts/map/pdftex/updmap/pdft
ex.map}> <./source-1.pdf>]
<source-1.pdf, id=35, page=3, 421.10124pt x 597.50829pt>
File: source-1.pdf Graphic file (type pdf)
<use source-1.pdf, page 3>
Package pdftex.def Info: source-1.pdf , page3 used on input line 7.
(pdftex.def)             Requested size: 421.4536pt x 598.00826pt.
File: source-1.pdf Graphic file (type pdf)
<use source-1.pdf, page 3>
Package pdftex.def Info: source-1.pdf , page3 used on input line 7.
(pdftex.def)             Requested size: 421.4536pt x 598.00826pt.
<source-1.pdf, id=36, page=4, 421.10124pt x 597.50829pt>
File: source-1.pdf Graphic file (type pdf)
<use source-1.pdf, page 4>
Package pdftex.def Info: source-1.pdf , page4 used on input line 7.
(pdftex.def)             Requested size: 421.4536pt x 598.00826pt.
File: source-1.pdf Graphic file (type pdf)
<use source-1.pdf, page 4>
Package pdftex.def Info: source-1.pdf , page4 used on input line 7.
(pdftex.def)             Requested size: 421.4536pt x 598.00826pt.
File: source-1.pdf Graphic file (type pdf)
<use source-1.pdf, page 3>
Package pdftex.def Info: source-1.pdf , page3 used on input line 7.
(pdftex.def)             Requested size: 421.4536pt x 598.00826pt.
File: source-1.pdf Graphic file (type pdf)
<use source-1.pdf, page 4>
Package pdftex.def Info: source-1.pdf , page4 used on input line 7.
(pdftex.def)             Requested size: 421.4536pt x 598.00826pt.
[2

 <./source-1.pdf> <./source-1.pdf>]
<source-1.pdf, id=44, page=5, 421.10124pt x 597.50829pt>
File: source-1.pdf Graphic file (type pdf)
<use source-1.pdf, page 5>
Package pdftex.def Info: source-1.pdf , page5 used on input line 7.
(pdftex.def)             Requested size: 421.4536pt x 598.00826pt.
File: source-1.pdf Graphic file (type pdf)
<use source-1.pdf, page 5>
Package pdftex.def Info: source-1.pdf , page5 used on input line 7.
(pdftex.def)             Requested size: 421.4536pt x 598.00826pt.
<source-1.pdf, id=45, page=6, 421.10124pt x 597.50829pt>
File: source-1.pdf Graphic file (type pdf)
<use source-1.pdf, page 6>
Package pdftex.def Info: source-1.pdf , page6 used on input line 7.
(pdftex.def)             Requested size: 421.4536pt x 598.00826pt.
File: source-1.pdf Graphic file (type pdf)
<use source-1.pdf, page 6>
Package pdftex.def Info: source-1.pdf , page6 used on input line 7.
(pdftex.def)             Requested size: 421.4536pt x 598.00826pt.
File: source-1.pdf Graphic file (type pdf)
<use source-1.pdf, page 5>
Package pdftex.def Info: source-1.pdf , page5 used on input line 7.
(pdftex.def)             Requested size: 421.4536pt x 598.00826pt.
File: source-1.pdf Graphic file (type pdf)
<use source-1.pdf, page 6>
Package pdftex.def Info: source-1.pdf , page6 used on input line 7.
(pdftex.def)             Requested size: 421.4536pt x 598.00826pt.
[3

 <./source-1.pdf> <./source-1.pdf>]
<source-1.pdf, id=49, page=7, 421.10124pt x 597.50829pt>
File: source-1.pdf Graphic file (type pdf)
<use source-1.pdf, page 7>
Package pdftex.def Info: source-1.pdf , page7 used on input line 7.
(pdftex.def)             Requested size: 421.4536pt x 598.00826pt.
File: source-1.pdf Graphic file (type pdf)
<use source-1.pdf, page 7>
Package pdftex.def Info: source-1.pdf , page7 used on input line 7.
(pdftex.def)             Requested size: 421.4536pt x 598.00826pt.
<source-1.pdf, id=50, page=8, 421.10124pt x 597.50829pt>
File: source-1.pdf Graphic file (type pdf)
<use source-1.pdf, page 8>
Package pdftex.def Info: source-1.pdf , page8 used on input line 7.
(pdftex.def)             Requested size: 421.4536pt x 598.00826pt.
File: source-1.pdf Graphic file (type pdf)
<use source-1.pdf, page 8>
Package pdftex.def Info: source-1.pdf , page8 used on input line 7.
(pdftex.def)             Requested size: 421.4536pt x 598.00826pt.
File: source-1.pdf Graphic file (type pdf)
<use source-1.pdf, page 7>
Package pdftex.def Info: source-1.pdf , page7 used on input line 7.
(pdftex.def)             Requested size: 421.4536pt x 598.00826pt.
File: source-1.pdf Graphic file (type pdf)
<use source-1.pdf, page 8>
Package pdftex.def Info: source-1.pdf , page8 used on input line 7.
(pdftex.def)             Requested size: 421.4536pt x 598.00826pt.
[4

 <./source-1.pdf> <./source-1.pdf>]
<source-1.pdf, id=54, page=9, 421.10124pt x 597.50829pt>
File: source-1.pdf Graphic file (type pdf)
<use source-1.pdf, page 9>
Package pdftex.def Info: source-1.pdf , page9 used on input line 7.
(pdftex.def)             Requested size: 421.4536pt x 598.00826pt.
File: source-1.pdf Graphic file (type pdf)
<use source-1.pdf, page 9>
Package pdftex.def Info: source-1.pdf , page9 used on input line 7.
(pdftex.def)             Requested size: 421.4536pt x 598.00826pt.
<source-1.pdf, id=55, page=10, 421.10124pt x 597.50829pt>
File: source-1.pdf Graphic file (type pdf)
<use source-1.pdf, page 10>
Package pdftex.def Info: source-1.pdf , page10 used on input line 7.
(pdftex.def)             Requested size: 421.4536pt x 598.00826pt.
File: source-1.pdf Graphic file (type pdf)
<use source-1.pdf, page 10>
Package pdftex.def Info: source-1.pdf , page10 used on input line 7.
(pdftex.def)             Requested size: 421.4536pt x 598.00826pt.
File: source-1.pdf Graphic file (type pdf)
<use source-1.pdf, page 9>
Package pdftex.def Info: source-1.pdf , page9 used on input line 7.
(pdftex.def)             Requested size: 421.4536pt x 598.00826pt.
File: source-1.pdf Graphic file (type pdf)
<use source-1.pdf, page 10>
Package pdftex.def Info: source-1.pdf , page10 used on input line 7.
(pdftex.def)             Requested size: 421.4536pt x 598.00826pt.
[5

 <./source-1.pdf> <./source-1.pdf>]
<source-1.pdf, id=59, page=11, 421.10124pt x 597.50829pt>
File: source-1.pdf Graphic file (type pdf)
<use source-1.pdf, page 11>
Package pdftex.def Info: source-1.pdf , page11 used on input line 7.
(pdftex.def)             Requested size: 421.4536pt x 598.00826pt.
File: source-1.pdf Graphic file (type pdf)
<use source-1.pdf, page 11>
Package pdftex.def Info: source-1.pdf , page11 used on input line 7.
(pdftex.def)             Requested size: 421.4536pt x 598.00826pt.
<source-1.pdf, id=60, page=12, 421.10124pt x 597.50829pt>
File: source-1.pdf Graphic file (type pdf)
<use source-1.pdf, page 12>
Package pdftex.def Info: source-1.pdf , page12 used on input line 7.
(pdftex.def)             Requested size: 421.4536pt x 598.00826pt.
File: source-1.pdf Graphic file (type pdf)
<use source-1.pdf, page 12>
Package pdftex.def Info: source-1.pdf , page12 used on input line 7.
(pdftex.def)             Requested size: 421.4536pt x 598.00826pt.
File: source-1.pdf Graphic file (type pdf)
<use source-1.pdf, page 11>
Package pdftex.def Info: source-1.pdf , page11 used on input line 7.
(pdftex.def)             Requested size: 421.4536pt x 598.00826pt.
File: source-1.pdf Graphic file (type pdf)
<use source-1.pdf, page 12>
Package pdftex.def Info: source-1.pdf , page12 used on input line 7.
(pdftex.def)             Requested size: 421.4536pt x 598.00826pt.
[6

 <./source-1.pdf> <./source-1.pdf>]
<source-1.pdf, id=64, page=13, 421.10124pt x 597.50829pt>
File: source-1.pdf Graphic file (type pdf)
<use source-1.pdf, page 13>
Package pdftex.def Info: source-1.pdf , page13 used on input line 7.
(pdftex.def)             Requested size: 421.4536pt x 598.00826pt.
File: source-1.pdf Graphic file (type pdf)
<use source-1.pdf, page 13>
Package pdftex.def Info: source-1.pdf , page13 used on input line 7.
(pdftex.def)             Requested size: 421.4536pt x 598.00826pt.
<source-1.pdf, id=65, page=14, 421.10124pt x 597.50829pt>
File: source-1.pdf Graphic file (type pdf)
<use source-1.pdf, page 14>
Package pdftex.def Info: source-1.pdf , page14 used on input line 7.
(pdftex.def)             Requested size: 421.4536pt x 598.00826pt.
File: source-1.pdf Graphic file (type pdf)
<use source-1.pdf, page 14>
Package pdftex.def Info: source-1.pdf , page14 used on input line 7.
(pdftex.def)             Requested size: 421.4536pt x 598.00826pt.
File: source-1.pdf Graphic file (type pdf)
<use source-1.pdf, page 13>
Package pdftex.def Info: source-1.pdf , page13 used on input line 7.
(pdftex.def)             Requested size: 421.4536pt x 598.00826pt.
File: source-1.pdf Graphic file (type pdf)
<use source-1.pdf, page 14>
Package pdftex.def Info: source-1.pdf , page14 used on input line 7.
(pdftex.def)             Requested size: 421.4536pt x 598.00826pt.
[7

 <./source-1.pdf> <./source-1.pdf>]
<source-1.pdf, id=70, page=15, 421.10124pt x 597.50829pt>
File: source-1.pdf Graphic file (type pdf)
<use source-1.pdf, page 15>
Package pdftex.def Info: source-1.pdf , page15 used on input line 7.
(pdftex.def)             Requested size: 421.4536pt x 598.00826pt.
File: source-1.pdf Graphic file (type pdf)
<use source-1.pdf, page 15>
Package pdftex.def Info: source-1.pdf , page15 used on input line 7.
(pdftex.def)             Requested size: 421.4536pt x 598.00826pt.
<source-1.pdf, id=71, page=16, 421.10124pt x 597.50829pt>
File: source-1.pdf Graphic file (type pdf)
<use source-1.pdf, page 16>
Package pdftex.def Info: source-1.pdf , page16 used on input line 7.
(pdftex.def)             Requested size: 421.4536pt x 598.00826pt.
File: source-1.pdf Graphic file (type pdf)
<use source-1.pdf, page 16>
Package pdftex.def Info: source-1.pdf , page16 used on input line 7.
(pdftex.def)             Requested size: 421.4536pt x 598.00826pt.
File: source-1.pdf Graphic file (type pdf)
<use source-1.pdf, page 15>
Package pdftex.def Info: source-1.pdf , page15 used on input line 7.
(pdftex.def)             Requested size: 421.4536pt x 598.00826pt.
File: source-1.pdf Graphic file (type pdf)
<use source-1.pdf, page 16>
Package pdftex.def Info: source-1.pdf , page16 used on input line 7.
(pdftex.def)             Requested size: 421.4536pt x 598.00826pt.
[8

 <./source-1.pdf> <./source-1.pdf>]
<source-1.pdf, id=75, page=17, 421.10124pt x 597.50829pt>
File: source-1.pdf Graphic file (type pdf)
<use source-1.pdf, page 17>
Package pdftex.def Info: source-1.pdf , page17 used on input line 7.
(pdftex.def)             Requested size: 421.4536pt x 598.00826pt.
File: source-1.pdf Graphic file (type pdf)
<use source-1.pdf, page 17>
Package pdftex.def Info: source-1.pdf , page17 used on input line 7.
(pdftex.def)             Requested size: 421.4536pt x 598.00826pt.
<source-1.pdf, id=76, page=18, 421.10124pt x 597.50829pt>
File: source-1.pdf Graphic file (type pdf)
<use source-1.pdf, page 18>
Package pdftex.def Info: source-1.pdf , page18 used on input line 7.
(pdftex.def)             Requested size: 421.4536pt x 598.00826pt.
File: source-1.pdf Graphic file (type pdf)
<use source-1.pdf, page 18>
Package pdftex.def Info: source-1.pdf , page18 used on input line 7.
(pdftex.def)             Requested size: 421.4536pt x 598.00826pt.
File: source-1.pdf Graphic file (type pdf)
<use source-1.pdf, page 17>
Package pdftex.def Info: source-1.pdf , page17 used on input line 7.
(pdftex.def)             Requested size: 421.4536pt x 598.00826pt.
File: source-1.pdf Graphic file (type pdf)
<use source-1.pdf, page 18>
Package pdftex.def Info: source-1.pdf , page18 used on input line 7.
(pdftex.def)             Requested size: 421.4536pt x 598.00826pt.
[9

 <./source-1.pdf> <./source-1.pdf>]
<source-1.pdf, id=80, page=19, 421.10124pt x 597.50829pt>
File: source-1.pdf Graphic file (type pdf)
<use source-1.pdf, page 19>
Package pdftex.def Info: source-1.pdf , page19 used on input line 7.
(pdftex.def)             Requested size: 421.4536pt x 598.00826pt.
File: source-1.pdf Graphic file (type pdf)
<use source-1.pdf, page 19>
Package pdftex.def Info: source-1.pdf , page19 used on input line 7.
(pdftex.def)             Requested size: 421.4536pt x 598.00826pt.
<source-1.pdf, id=81, page=20, 421.10124pt x 597.50829pt>
File: source-1.pdf Graphic file (type pdf)
<use source-1.pdf, page 20>
Package pdftex.def Info: source-1.pdf , page20 used on input line 7.
(pdftex.def)             Requested size: 421.4536pt x 598.00826pt.
File: source-1.pdf Graphic file (type pdf)
<use source-1.pdf, page 20>
Package pdftex.def Info: source-1.pdf , page20 used on input line 7.
(pdftex.def)             Requested size: 421.4536pt x 598.00826pt.
File: source-1.pdf Graphic file (type pdf)
<use source-1.pdf, page 19>
Package pdftex.def Info: source-1.pdf , page19 used on input line 7.
(pdftex.def)             Requested size: 421.4536pt x 598.00826pt.
File: source-1.pdf Graphic file (type pdf)
<use source-1.pdf, page 20>
Package pdftex.def Info: source-1.pdf , page20 used on input line 7.
(pdftex.def)             Requested size: 421.4536pt x 598.00826pt.
[10

 <./source-1.pdf> <./source-1.pdf>]
<source-1.pdf, id=85, page=21, 421.10124pt x 597.50829pt>
File: source-1.pdf Graphic file (type pdf)
<use source-1.pdf, page 21>
Package pdftex.def Info: source-1.pdf , page21 used on input line 7.
(pdftex.def)             Requested size: 421.4536pt x 598.00826pt.
File: source-1.pdf Graphic file (type pdf)
<use source-1.pdf, page 21>
Package pdftex.def Info: source-1.pdf , page21 used on input line 7.
(pdftex.def)             Requested size: 421.4536pt x 598.00826pt.
<source-1.pdf, id=86, page=22, 421.10124pt x 597.50829pt>
File: source-1.pdf Graphic file (type pdf)
<use source-1.pdf, page 22>
Package pdftex.def Info: source-1.pdf , page22 used on input line 7.
(pdftex.def)             Requested size: 421.4536pt x 598.00826pt.
File: source-1.pdf Graphic file (type pdf)
<use source-1.pdf, page 22>
Package pdftex.def Info: source-1.pdf , page22 used on input line 7.
(pdftex.def)             Requested size: 421.4536pt x 598.00826pt.
File: source-1.pdf Graphic file (type pdf)
<use source-1.pdf, page 21>
Package pdftex.def Info: source-1.pdf , page21 used on input line 7.
(pdftex.def)             Requested size: 421.4536pt x 598.00826pt.
File: source-1.pdf Graphic file (type pdf)
<use source-1.pdf, page 22>
Package pdftex.def Info: source-1.pdf , page22 used on input line 7.
(pdftex.def)             Requested size: 421.4536pt x 598.00826pt.
[11

 <./source-1.pdf> <./source-1.pdf>]
<source-1.pdf, id=90, page=23, 421.10124pt x 597.50829pt>
File: source-1.pdf Graphic file (type pdf)
<use source-1.pdf, page 23>
Package pdftex.def Info: source-1.pdf , page23 used on input line 7.
(pdftex.def)             Requested size: 421.4536pt x 598.00826pt.
File: source-1.pdf Graphic file (type pdf)
<use source-1.pdf, page 23>
Package pdftex.def Info: source-1.pdf , page23 used on input line 7.
(pdftex.def)             Requested size: 421.4536pt x 598.00826pt.
<source-1.pdf, id=91, page=24, 421.10124pt x 597.50829pt>
File: source-1.pdf Graphic file (type pdf)
<use source-1.pdf, page 24>
Package pdftex.def Info: source-1.pdf , page24 used on input line 7.
(pdftex.def)             Requested size: 421.4536pt x 598.00826pt.
File: source-1.pdf Graphic file (type pdf)
<use source-1.pdf, page 24>
Package pdftex.def Info: source-1.pdf , page24 used on input line 7.
(pdftex.def)             Requested size: 421.4536pt x 598.00826pt.
File: source-1.pdf Graphic file (type pdf)
<use source-1.pdf, page 23>
Package pdftex.def Info: source-1.pdf , page23 used on input line 7.
(pdftex.def)             Requested size: 421.4536pt x 598.00826pt.
File: source-1.pdf Graphic file (type pdf)
<use source-1.pdf, page 24>
Package pdftex.def Info: source-1.pdf , page24 used on input line 7.
(pdftex.def)             Requested size: 421.4536pt x 598.00826pt.
[12

 <./source-1.pdf> <./source-1.pdf>]
<source-1.pdf, id=95, page=25, 421.10124pt x 597.50829pt>
File: source-1.pdf Graphic file (type pdf)
<use source-1.pdf, page 25>
Package pdftex.def Info: source-1.pdf , page25 used on input line 7.
(pdftex.def)             Requested size: 421.4536pt x 598.00826pt.
File: source-1.pdf Graphic file (type pdf)
<use source-1.pdf, page 25>
Package pdftex.def Info: source-1.pdf , page25 used on input line 7.
(pdftex.def)             Requested size: 421.4536pt x 598.00826pt.
<source-1.pdf, id=96, page=26, 421.10124pt x 597.50829pt>
File: source-1.pdf Graphic file (type pdf)
<use source-1.pdf, page 26>
Package pdftex.def Info: source-1.pdf , page26 used on input line 7.
(pdftex.def)             Requested size: 421.4536pt x 598.00826pt.
File: source-1.pdf Graphic file (type pdf)
<use source-1.pdf, page 26>
Package pdftex.def Info: source-1.pdf , page26 used on input line 7.
(pdftex.def)             Requested size: 421.4536pt x 598.00826pt.
File: source-1.pdf Graphic file (type pdf)
<use source-1.pdf, page 25>
Package pdftex.def Info: source-1.pdf , page25 used on input line 7.
(pdftex.def)             Requested size: 421.4536pt x 598.00826pt.
File: source-1.pdf Graphic file (type pdf)
<use source-1.pdf, page 26>
Package pdftex.def Info: source-1.pdf , page26 used on input line 7.
(pdftex.def)             Requested size: 421.4536pt x 598.00826pt.
[13

 <./source-1.pdf> <./source-1.pdf>]
<source-1.pdf, id=101, page=27, 421.10124pt x 597.50829pt>
File: source-1.pdf Graphic file (type pdf)
<use source-1.pdf, page 27>
Package pdftex.def Info: source-1.pdf , page27 used on input line 7.
(pdftex.def)             Requested size: 421.4536pt x 598.00826pt.
File: source-1.pdf Graphic file (type pdf)
<use source-1.pdf, page 27>
Package pdftex.def Info: source-1.pdf , page27 used on input line 7.
(pdftex.def)             Requested size: 421.4536pt x 598.00826pt.
<source-1.pdf, id=102, page=28, 421.10124pt x 597.50829pt>
File: source-1.pdf Graphic file (type pdf)
<use source-1.pdf, page 28>
Package pdftex.def Info: source-1.pdf , page28 used on input line 7.
(pdftex.def)             Requested size: 421.4536pt x 598.00826pt.
File: source-1.pdf Graphic file (type pdf)
<use source-1.pdf, page 28>
Package pdftex.def Info: source-1.pdf , page28 used on input line 7.
(pdftex.def)             Requested size: 421.4536pt x 598.00826pt.
File: source-1.pdf Graphic file (type pdf)
<use source-1.pdf, page 27>
Package pdftex.def Info: source-1.pdf , page27 used on input line 7.
(pdftex.def)             Requested size: 421.4536pt x 598.00826pt.
File: source-1.pdf Graphic file (type pdf)
<use source-1.pdf, page 28>
Package pdftex.def Info: source-1.pdf , page28 used on input line 7.
(pdftex.def)             Requested size: 421.4536pt x 598.00826pt.
[14

 <./source-1.pdf> <./source-1.pdf>]
<source-1.pdf, id=106, page=29, 421.10124pt x 597.50829pt>
File: source-1.pdf Graphic file (type pdf)
<use source-1.pdf, page 29>
Package pdftex.def Info: source-1.pdf , page29 used on input line 7.
(pdftex.def)             Requested size: 421.4536pt x 598.00826pt.
File: source-1.pdf Graphic file (type pdf)
<use source-1.pdf, page 29>
Package pdftex.def Info: source-1.pdf , page29 used on input line 7.
(pdftex.def)             Requested size: 421.4536pt x 598.00826pt.
<source-1.pdf, id=107, page=30, 421.10124pt x 597.50829pt>
File: source-1.pdf Graphic file (type pdf)
<use source-1.pdf, page 30>
Package pdftex.def Info: source-1.pdf , page30 used on input line 7.
(pdftex.def)             Requested size: 421.4536pt x 598.00826pt.
File: source-1.pdf Graphic file (type pdf)
<use source-1.pdf, page 30>
Package pdftex.def Info: source-1.pdf , page30 used on input line 7.
(pdftex.def)             Requested size: 421.4536pt x 598.00826pt.
File: source-1.pdf Graphic file (type pdf)
<use source-1.pdf, page 29>
Package pdftex.def Info: source-1.pdf , page29 used on input line 7.
(pdftex.def)             Requested size: 421.4536pt x 598.00826pt.
File: source-1.pdf Graphic file (type pdf)
<use source-1.pdf, page 30>
Package pdftex.def Info: source-1.pdf , page30 used on input line 7.
(pdftex.def)             Requested size: 421.4536pt x 598.00826pt.
[15

 <./source-1.pdf> <./source-1.pdf>]
<source-1.pdf, id=111, page=31, 421.10124pt x 597.50829pt>
File: source-1.pdf Graphic file (type pdf)
<use source-1.pdf, page 31>
Package pdftex.def Info: source-1.pdf , page31 used on input line 7.
(pdftex.def)             Requested size: 421.4536pt x 598.00826pt.
File: source-1.pdf Graphic file (type pdf)
<use source-1.pdf, page 31>
Package pdftex.def Info: source-1.pdf , page31 used on input line 7.
(pdftex.def)             Requested size: 421.4536pt x 598.00826pt.
<source-1.pdf, id=112, page=32, 421.10124pt x 597.50829pt>
File: source-1.pdf Graphic file (type pdf)
<use source-1.pdf, page 32>
Package pdftex.def Info: source-1.pdf , page32 used on input line 7.
(pdftex.def)             Requested size: 421.4536pt x 598.00826pt.
File: source-1.pdf Graphic file (type pdf)
<use source-1.pdf, page 32>
Package pdftex.def Info: source-1.pdf , page32 used on input line 7.
(pdftex.def)             Requested size: 421.4536pt x 598.00826pt.
File: source-1.pdf Graphic file (type pdf)
<use source-1.pdf, page 31>
Package pdftex.def Info: source-1.pdf , page31 used on input line 7.
(pdftex.def)             Requested size: 421.4536pt x 598.00826pt.
File: source-1.pdf Graphic file (type pdf)
<use source-1.pdf, page 32>
Package pdftex.def Info: source-1.pdf , page32 used on input line 7.
(pdftex.def)             Requested size: 421.4536pt x 598.00826pt.
[16

 <./source-1.pdf> <./source-1.pdf>]
<source-1.pdf, id=116, page=33, 421.10124pt x 597.50829pt>
File: source-1.pdf Graphic file (type pdf)
<use source-1.pdf, page 33>
Package pdftex.def Info: source-1.pdf , page33 used on input line 7.
(pdftex.def)             Requested size: 421.4536pt x 598.00826pt.
File: source-1.pdf Graphic file (type pdf)
<use source-1.pdf, page 33>
Package pdftex.def Info: source-1.pdf , page33 used on input line 7.
(pdftex.def)             Requested size: 421.4536pt x 598.00826pt.
<source-1.pdf, id=117, page=34, 421.10124pt x 597.50829pt>
File: source-1.pdf Graphic file (type pdf)
<use source-1.pdf, page 34>
Package pdftex.def Info: source-1.pdf , page34 used on input line 7.
(pdftex.def)             Requested size: 421.4536pt x 598.00826pt.
File: source-1.pdf Graphic file (type pdf)
<use source-1.pdf, page 34>
Package pdftex.def Info: source-1.pdf , page34 used on input line 7.
(pdftex.def)             Requested size: 421.4536pt x 598.00826pt.
File: source-1.pdf Graphic file (type pdf)
<use source-1.pdf, page 33>
Package pdftex.def Info: source-1.pdf , page33 used on input line 7.
(pdftex.def)             Requested size: 421.4536pt x 598.00826pt.
File: source-1.pdf Graphic file (type pdf)
<use source-1.pdf, page 34>
Package pdftex.def Info: source-1.pdf , page34 used on input line 7.
(pdftex.def)             Requested size: 421.4536pt x 598.00826pt.
[17

 <./source-1.pdf> <./source-1.pdf>]
<source-1.pdf, id=121, page=35, 421.10124pt x 597.50829pt>
File: source-1.pdf Graphic file (type pdf)
<use source-1.pdf, page 35>
Package pdftex.def Info: source-1.pdf , page35 used on input line 7.
(pdftex.def)             Requested size: 421.4536pt x 598.00826pt.
File: source-1.pdf Graphic file (type pdf)
<use source-1.pdf, page 35>
Package pdftex.def Info: source-1.pdf , page35 used on input line 7.
(pdftex.def)             Requested size: 421.4536pt x 598.00826pt.
<source-1.pdf, id=122, page=36, 421.10124pt x 597.50829pt>
File: source-1.pdf Graphic file (type pdf)
<use source-1.pdf, page 36>
Package pdftex.def Info: source-1.pdf , page36 used on input line 7.
(pdftex.def)             Requested size: 421.4536pt x 598.00826pt.
File: source-1.pdf Graphic file (type pdf)
<use source-1.pdf, page 36>
Package pdftex.def Info: source-1.pdf , page36 used on input line 7.
(pdftex.def)             Requested size: 421.4536pt x 598.00826pt.
File: source-1.pdf Graphic file (type pdf)
<use source-1.pdf, page 35>
Package pdftex.def Info: source-1.pdf , page35 used on input line 7.
(pdftex.def)             Requested size: 421.4536pt x 598.00826pt.
File: source-1.pdf Graphic file (type pdf)
<use source-1.pdf, page 36>
Package pdftex.def Info: source-1.pdf , page36 used on input line 7.
(pdftex.def)             Requested size: 421.4536pt x 598.00826pt.
[18

 <./source-1.pdf> <./source-1.pdf>]
<source-1.pdf, id=126, page=37, 421.10124pt x 597.50829pt>
File: source-1.pdf Graphic file (type pdf)
<use source-1.pdf, page 37>
Package pdftex.def Info: source-1.pdf , page37 used on input line 7.
(pdftex.def)             Requested size: 421.4536pt x 598.00826pt.
File: source-1.pdf Graphic file (type pdf)
<use source-1.pdf, page 37>
Package pdftex.def Info: source-1.pdf , page37 used on input line 7.
(pdftex.def)             Requested size: 421.4536pt x 598.00826pt.
<source-1.pdf, id=127, page=38, 421.10124pt x 597.50829pt>
File: source-1.pdf Graphic file (type pdf)
<use source-1.pdf, page 38>
Package pdftex.def Info: source-1.pdf , page38 used on input line 7.
(pdftex.def)             Requested size: 421.4536pt x 598.00826pt.
File: source-1.pdf Graphic file (type pdf)
<use source-1.pdf, page 38>
Package pdftex.def Info: source-1.pdf , page38 used on input line 7.
(pdftex.def)             Requested size: 421.4536pt x 598.00826pt.
File: source-1.pdf Graphic file (type pdf)
<use source-1.pdf, page 37>
Package pdftex.def Info: source-1.pdf , page37 used on input line 7.
(pdftex.def)             Requested size: 421.4536pt x 598.00826pt.
File: source-1.pdf Graphic file (type pdf)
<use source-1.pdf, page 38>
Package pdftex.def Info: source-1.pdf , page38 used on input line 7.
(pdftex.def)             Requested size: 421.4536pt x 598.00826pt.
[19

 <./source-1.pdf> <./source-1.pdf>]
<source-1.pdf, id=132, page=39, 421.10124pt x 597.50829pt>
File: source-1.pdf Graphic file (type pdf)
<use source-1.pdf, page 39>
Package pdftex.def Info: source-1.pdf , page39 used on input line 7.
(pdftex.def)             Requested size: 421.4536pt x 598.00826pt.
File: source-1.pdf Graphic file (type pdf)
<use source-1.pdf, page 39>
Package pdftex.def Info: source-1.pdf , page39 used on input line 7.
(pdftex.def)             Requested size: 421.4536pt x 598.00826pt.
<source-1.pdf, id=133, page=40, 421.10124pt x 597.50829pt>
File: source-1.pdf Graphic file (type pdf)
<use source-1.pdf, page 40>
Package pdftex.def Info: source-1.pdf , page40 used on input line 7.
(pdftex.def)             Requested size: 421.4536pt x 598.00826pt.
File: source-1.pdf Graphic file (type pdf)
<use source-1.pdf, page 40>
Package pdftex.def Info: source-1.pdf , page40 used on input line 7.
(pdftex.def)             Requested size: 421.4536pt x 598.00826pt.
File: source-1.pdf Graphic file (type pdf)
<use source-1.pdf, page 39>
Package pdftex.def Info: source-1.pdf , page39 used on input line 7.
(pdftex.def)             Requested size: 421.4536pt x 598.00826pt.
File: source-1.pdf Graphic file (type pdf)
<use source-1.pdf, page 40>
Package pdftex.def Info: source-1.pdf , page40 used on input line 7.
(pdftex.def)             Requested size: 421.4536pt x 598.00826pt.
[20

 <./source-1.pdf> <./source-1.pdf>]
<source-1.pdf, id=137, page=41, 421.10124pt x 597.50829pt>
File: source-1.pdf Graphic file (type pdf)
<use source-1.pdf, page 41>
Package pdftex.def Info: source-1.pdf , page41 used on input line 7.
(pdftex.def)             Requested size: 421.4536pt x 598.00826pt.
File: source-1.pdf Graphic file (type pdf)
<use source-1.pdf, page 41>
Package pdftex.def Info: source-1.pdf , page41 used on input line 7.
(pdftex.def)             Requested size: 421.4536pt x 598.00826pt.
<source-1.pdf, id=138, page=42, 421.10124pt x 597.50829pt>
File: source-1.pdf Graphic file (type pdf)
<use source-1.pdf, page 42>
Package pdftex.def Info: source-1.pdf , page42 used on input line 7.
(pdftex.def)             Requested size: 421.4536pt x 598.00826pt.
File: source-1.pdf Graphic file (type pdf)
<use source-1.pdf, page 42>
Package pdftex.def Info: source-1.pdf , page42 used on input line 7.
(pdftex.def)             Requested size: 421.4536pt x 598.00826pt.
File: source-1.pdf Graphic file (type pdf)
<use source-1.pdf, page 41>
Package pdftex.def Info: source-1.pdf , page41 used on input line 7.
(pdftex.def)             Requested size: 421.4536pt x 598.00826pt.
File: source-1.pdf Graphic file (type pdf)
<use source-1.pdf, page 42>
Package pdftex.def Info: source-1.pdf , page42 used on input line 7.
(pdftex.def)             Requested size: 421.4536pt x 598.00826pt.
[21

 <./source-1.pdf> <./source-1.pdf>]
<source-1.pdf, id=142, page=43, 421.10124pt x 597.50829pt>
File: source-1.pdf Graphic file (type pdf)
<use source-1.pdf, page 43>
Package pdftex.def Info: source-1.pdf , page43 used on input line 7.
(pdftex.def)             Requested size: 421.4536pt x 598.00826pt.
File: source-1.pdf Graphic file (type pdf)
<use source-1.pdf, page 43>
Package pdftex.def Info: source-1.pdf , page43 used on input line 7.
(pdftex.def)             Requested size: 421.4536pt x 598.00826pt.
<source-1.pdf, id=143, page=44, 421.10124pt x 597.50829pt>
File: source-1.pdf Graphic file (type pdf)
<use source-1.pdf, page 44>
Package pdftex.def Info: source-1.pdf , page44 used on input line 7.
(pdftex.def)             Requested size: 421.4536pt x 598.00826pt.
File: source-1.pdf Graphic file (type pdf)
<use source-1.pdf, page 44>
Package pdftex.def Info: source-1.pdf , page44 used on input line 7.
(pdftex.def)             Requested size: 421.4536pt x 598.00826pt.
File: source-1.pdf Graphic file (type pdf)
<use source-1.pdf, page 43>
Package pdftex.def Info: source-1.pdf , page43 used on input line 7.
(pdftex.def)             Requested size: 421.4536pt x 598.00826pt.
File: source-1.pdf Graphic file (type pdf)
<use source-1.pdf, page 44>
Package pdftex.def Info: source-1.pdf , page44 used on input line 7.
(pdftex.def)             Requested size: 421.4536pt x 598.00826pt.
[22

 <./source-1.pdf> <./source-1.pdf>]
<source-1.pdf, id=147, page=45, 421.10124pt x 597.50829pt>
File: source-1.pdf Graphic file (type pdf)
<use source-1.pdf, page 45>
Package pdftex.def Info: source-1.pdf , page45 used on input line 7.
(pdftex.def)             Requested size: 421.4536pt x 598.00826pt.
File: source-1.pdf Graphic file (type pdf)
<use source-1.pdf, page 45>
Package pdftex.def Info: source-1.pdf , page45 used on input line 7.
(pdftex.def)             Requested size: 421.4536pt x 598.00826pt.
<source-1.pdf, id=148, page=46, 421.10124pt x 597.50829pt>
File: source-1.pdf Graphic file (type pdf)
<use source-1.pdf, page 46>
Package pdftex.def Info: source-1.pdf , page46 used on input line 7.
(pdftex.def)             Requested size: 421.4536pt x 598.00826pt.
File: source-1.pdf Graphic file (type pdf)
<use source-1.pdf, page 46>
Package pdftex.def Info: source-1.pdf , page46 used on input line 7.
(pdftex.def)             Requested size: 421.4536pt x 598.00826pt.
File: source-1.pdf Graphic file (type pdf)
<use source-1.pdf, page 45>
Package pdftex.def Info: source-1.pdf , page45 used on input line 7.
(pdftex.def)             Requested size: 421.4536pt x 598.00826pt.
File: source-1.pdf Graphic file (type pdf)
<use source-1.pdf, page 46>
Package pdftex.def Info: source-1.pdf , page46 used on input line 7.
(pdftex.def)             Requested size: 421.4536pt x 598.00826pt.
[23

 <./source-1.pdf> <./source-1.pdf>]
<source-1.pdf, id=152, page=47, 421.10124pt x 597.50829pt>
File: source-1.pdf Graphic file (type pdf)
<use source-1.pdf, page 47>
Package pdftex.def Info: source-1.pdf , page47 used on input line 7.
(pdftex.def)             Requested size: 421.4536pt x 598.00826pt.
File: source-1.pdf Graphic file (type pdf)
<use source-1.pdf, page 47>
Package pdftex.def Info: source-1.pdf , page47 used on input line 7.
(pdftex.def)             Requested size: 421.4536pt x 598.00826pt.
<source-1.pdf, id=153, page=48, 421.10124pt x 597.50829pt>
File: source-1.pdf Graphic file (type pdf)
<use source-1.pdf, page 48>
Package pdftex.def Info: source-1.pdf , page48 used on input line 7.
(pdftex.def)             Requested size: 421.4536pt x 598.00826pt.
File: source-1.pdf Graphic file (type pdf)
<use source-1.pdf, page 48>
Package pdftex.def Info: source-1.pdf , page48 used on input line 7.
(pdftex.def)             Requested size: 421.4536pt x 598.00826pt.
File: source-1.pdf Graphic file (type pdf)
<use source-1.pdf, page 47>
Package pdftex.def Info: source-1.pdf , page47 used on input line 7.
(pdftex.def)             Requested size: 421.4536pt x 598.00826pt.
File: source-1.pdf Graphic file (type pdf)
<use source-1.pdf, page 48>
Package pdftex.def Info: source-1.pdf , page48 used on input line 7.
(pdftex.def)             Requested size: 421.4536pt x 598.00826pt.
[24

 <./source-1.pdf> <./source-1.pdf>]
<source-1.pdf, id=157, page=49, 421.10124pt x 597.50829pt>
File: source-1.pdf Graphic file (type pdf)
<use source-1.pdf, page 49>
Package pdftex.def Info: source-1.pdf , page49 used on input line 7.
(pdftex.def)             Requested size: 421.4536pt x 598.00826pt.
File: source-1.pdf Graphic file (type pdf)
<use source-1.pdf, page 49>
Package pdftex.def Info: source-1.pdf , page49 used on input line 7.
(pdftex.def)             Requested size: 421.4536pt x 598.00826pt.
<source-1.pdf, id=158, page=50, 421.10124pt x 597.50829pt>
File: source-1.pdf Graphic file (type pdf)
<use source-1.pdf, page 50>
Package pdftex.def Info: source-1.pdf , page50 used on input line 7.
(pdftex.def)             Requested size: 421.4536pt x 598.00826pt.
File: source-1.pdf Graphic file (type pdf)
<use source-1.pdf, page 50>
Package pdftex.def Info: source-1.pdf , page50 used on input line 7.
(pdftex.def)             Requested size: 421.4536pt x 598.00826pt.
File: source-1.pdf Graphic file (type pdf)
<use source-1.pdf, page 49>
Package pdftex.def Info: source-1.pdf , page49 used on input line 7.
(pdftex.def)             Requested size: 421.4536pt x 598.00826pt.
File: source-1.pdf Graphic file (type pdf)
<use source-1.pdf, page 50>
Package pdftex.def Info: source-1.pdf , page50 used on input line 7.
(pdftex.def)             Requested size: 421.4536pt x 598.00826pt.
[25

 <./source-1.pdf> <./source-1.pdf>]
<source-1.pdf, id=163, page=51, 421.10124pt x 597.50829pt>
File: source-1.pdf Graphic file (type pdf)
<use source-1.pdf, page 51>
Package pdftex.def Info: source-1.pdf , page51 used on input line 7.
(pdftex.def)             Requested size: 421.4536pt x 598.00826pt.
File: source-1.pdf Graphic file (type pdf)
<use source-1.pdf, page 51>
Package pdftex.def Info: source-1.pdf , page51 used on input line 7.
(pdftex.def)             Requested size: 421.4536pt x 598.00826pt.
<source-1.pdf, id=164, page=52, 421.10124pt x 597.50829pt>
File: source-1.pdf Graphic file (type pdf)
<use source-1.pdf, page 52>
Package pdftex.def Info: source-1.pdf , page52 used on input line 7.
(pdftex.def)             Requested size: 421.4536pt x 598.00826pt.
File: source-1.pdf Graphic file (type pdf)
<use source-1.pdf, page 52>
Package pdftex.def Info: source-1.pdf , page52 used on input line 7.
(pdftex.def)             Requested size: 421.4536pt x 598.00826pt.
File: source-1.pdf Graphic file (type pdf)
<use source-1.pdf, page 51>
Package pdftex.def Info: source-1.pdf , page51 used on input line 7.
(pdftex.def)             Requested size: 421.4536pt x 598.00826pt.
File: source-1.pdf Graphic file (type pdf)
<use source-1.pdf, page 52>
Package pdftex.def Info: source-1.pdf , page52 used on input line 7.
(pdftex.def)             Requested size: 421.4536pt x 598.00826pt.
[26

 <./source-1.pdf> <./source-1.pdf>]
<source-1.pdf, id=168, page=53, 421.10124pt x 597.50829pt>
File: source-1.pdf Graphic file (type pdf)
<use source-1.pdf, page 53>
Package pdftex.def Info: source-1.pdf , page53 used on input line 7.
(pdftex.def)             Requested size: 421.4536pt x 598.00826pt.
File: source-1.pdf Graphic file (type pdf)
<use source-1.pdf, page 53>
Package pdftex.def Info: source-1.pdf , page53 used on input line 7.
(pdftex.def)             Requested size: 421.4536pt x 598.00826pt.
<source-1.pdf, id=169, page=54, 421.10124pt x 597.50829pt>
File: source-1.pdf Graphic file (type pdf)
<use source-1.pdf, page 54>
Package pdftex.def Info: source-1.pdf , page54 used on input line 7.
(pdftex.def)             Requested size: 421.4536pt x 598.00826pt.
File: source-1.pdf Graphic file (type pdf)
<use source-1.pdf, page 54>
Package pdftex.def Info: source-1.pdf , page54 used on input line 7.
(pdftex.def)             Requested size: 421.4536pt x 598.00826pt.
File: source-1.pdf Graphic file (type pdf)
<use source-1.pdf, page 53>
Package pdftex.def Info: source-1.pdf , page53 used on input line 7.
(pdftex.def)             Requested size: 421.4536pt x 598.00826pt.
File: source-1.pdf Graphic file (type pdf)
<use source-1.pdf, page 54>
Package pdftex.def Info: source-1.pdf , page54 used on input line 7.
(pdftex.def)             Requested size: 421.4536pt x 598.00826pt.
[27

 <./source-1.pdf> <./source-1.pdf>]
<source-1.pdf, id=173, page=55, 421.10124pt x 597.50829pt>
File: source-1.pdf Graphic file (type pdf)
<use source-1.pdf, page 55>
Package pdftex.def Info: source-1.pdf , page55 used on input line 7.
(pdftex.def)             Requested size: 421.4536pt x 598.00826pt.
File: source-1.pdf Graphic file (type pdf)
<use source-1.pdf, page 55>
Package pdftex.def Info: source-1.pdf , page55 used on input line 7.
(pdftex.def)             Requested size: 421.4536pt x 598.00826pt.
<source-1.pdf, id=174, page=56, 421.10124pt x 597.50829pt>
File: source-1.pdf Graphic file (type pdf)
<use source-1.pdf, page 56>
Package pdftex.def Info: source-1.pdf , page56 used on input line 7.
(pdftex.def)             Requested size: 421.4536pt x 598.00826pt.
File: source-1.pdf Graphic file (type pdf)
<use source-1.pdf, page 56>
Package pdftex.def Info: source-1.pdf , page56 used on input line 7.
(pdftex.def)             Requested size: 421.4536pt x 598.00826pt.
File: source-1.pdf Graphic file (type pdf)
<use source-1.pdf, page 55>
Package pdftex.def Info: source-1.pdf , page55 used on input line 7.
(pdftex.def)             Requested size: 421.4536pt x 598.00826pt.
File: source-1.pdf Graphic file (type pdf)
<use source-1.pdf, page 56>
Package pdftex.def Info: source-1.pdf , page56 used on input line 7.
(pdftex.def)             Requested size: 421.4536pt x 598.00826pt.
[28

 <./source-1.pdf> <./source-1.pdf>]
<source-1.pdf, id=178, page=57, 421.10124pt x 597.50829pt>
File: source-1.pdf Graphic file (type pdf)
<use source-1.pdf, page 57>
Package pdftex.def Info: source-1.pdf , page57 used on input line 7.
(pdftex.def)             Requested size: 421.4536pt x 598.00826pt.
File: source-1.pdf Graphic file (type pdf)
<use source-1.pdf, page 57>
Package pdftex.def Info: source-1.pdf , page57 used on input line 7.
(pdftex.def)             Requested size: 421.4536pt x 598.00826pt.
<source-1.pdf, id=179, page=58, 421.10124pt x 597.50829pt>
File: source-1.pdf Graphic file (type pdf)
<use source-1.pdf, page 58>
Package pdftex.def Info: source-1.pdf , page58 used on input line 7.
(pdftex.def)             Requested size: 421.4536pt x 598.00826pt.
File: source-1.pdf Graphic file (type pdf)
<use source-1.pdf, page 58>
Package pdftex.def Info: source-1.pdf , page58 used on input line 7.
(pdftex.def)             Requested size: 421.4536pt x 598.00826pt.
File: source-1.pdf Graphic file (type pdf)
<use source-1.pdf, page 57>
Package pdftex.def Info: source-1.pdf , page57 used on input line 7.
(pdftex.def)             Requested size: 421.4536pt x 598.00826pt.
File: source-1.pdf Graphic file (type pdf)
<use source-1.pdf, page 58>
Package pdftex.def Info: source-1.pdf , page58 used on input line 7.
(pdftex.def)             Requested size: 421.4536pt x 598.00826pt.
[29

 <./source-1.pdf> <./source-1.pdf>]
<source-1.pdf, id=183, page=59, 421.10124pt x 597.50829pt>
File: source-1.pdf Graphic file (type pdf)
<use source-1.pdf, page 59>
Package pdftex.def Info: source-1.pdf , page59 used on input line 7.
(pdftex.def)             Requested size: 421.4536pt x 598.00826pt.
File: source-1.pdf Graphic file (type pdf)
<use source-1.pdf, page 59>
Package pdftex.def Info: source-1.pdf , page59 used on input line 7.
(pdftex.def)             Requested size: 421.4536pt x 598.00826pt.
<source-1.pdf, id=184, page=60, 421.10124pt x 597.50829pt>
File: source-1.pdf Graphic file (type pdf)
<use source-1.pdf, page 60>
Package pdftex.def Info: source-1.pdf , page60 used on input line 7.
(pdftex.def)             Requested size: 421.4536pt x 598.00826pt.
File: source-1.pdf Graphic file (type pdf)
<use source-1.pdf, page 60>
Package pdftex.def Info: source-1.pdf , page60 used on input line 7.
(pdftex.def)             Requested size: 421.4536pt x 598.00826pt.
File: source-1.pdf Graphic file (type pdf)
<use source-1.pdf, page 59>
Package pdftex.def Info: source-1.pdf , page59 used on input line 7.
(pdftex.def)             Requested size: 421.4536pt x 598.00826pt.
File: source-1.pdf Graphic file (type pdf)
<use source-1.pdf, page 60>
Package pdftex.def Info: source-1.pdf , page60 used on input line 7.
(pdftex.def)             Requested size: 421.4536pt x 598.00826pt.
[30

 <./source-1.pdf> <./source-1.pdf>]
<source-1.pdf, id=188, page=61, 421.10124pt x 597.50829pt>
File: source-1.pdf Graphic file (type pdf)
<use source-1.pdf, page 61>
Package pdftex.def Info: source-1.pdf , page61 used on input line 7.
(pdftex.def)             Requested size: 421.4536pt x 598.00826pt.
File: source-1.pdf Graphic file (type pdf)
<use source-1.pdf, page 61>
Package pdftex.def Info: source-1.pdf , page61 used on input line 7.
(pdftex.def)             Requested size: 421.4536pt x 598.00826pt.
<source-1.pdf, id=189, page=62, 421.10124pt x 597.50829pt>
File: source-1.pdf Graphic file (type pdf)
<use source-1.pdf, page 62>
Package pdftex.def Info: source-1.pdf , page62 used on input line 7.
(pdftex.def)             Requested size: 421.4536pt x 598.00826pt.
File: source-1.pdf Graphic file (type pdf)
<use source-1.pdf, page 62>
Package pdftex.def Info: source-1.pdf , page62 used on input line 7.
(pdftex.def)             Requested size: 421.4536pt x 598.00826pt.
File: source-1.pdf Graphic file (type pdf)
<use source-1.pdf, page 61>
Package pdftex.def Info: source-1.pdf , page61 used on input line 7.
(pdftex.def)             Requested size: 421.4536pt x 598.00826pt.
File: source-1.pdf Graphic file (type pdf)
<use source-1.pdf, page 62>
Package pdftex.def Info: source-1.pdf , page62 used on input line 7.
(pdftex.def)             Requested size: 421.4536pt x 598.00826pt.
[31

 <./source-1.pdf> <./source-1.pdf>]
<source-1.pdf, id=194, page=63, 421.10124pt x 597.50829pt>
File: source-1.pdf Graphic file (type pdf)
<use source-1.pdf, page 63>
Package pdftex.def Info: source-1.pdf , page63 used on input line 7.
(pdftex.def)             Requested size: 421.4536pt x 598.00826pt.
File: source-1.pdf Graphic file (type pdf)
<use source-1.pdf, page 63>
Package pdftex.def Info: source-1.pdf , page63 used on input line 7.
(pdftex.def)             Requested size: 421.4536pt x 598.00826pt.
<source-1.pdf, id=195, page=64, 421.10124pt x 597.50829pt>
File: source-1.pdf Graphic file (type pdf)
<use source-1.pdf, page 64>
Package pdftex.def Info: source-1.pdf , page64 used on input line 7.
(pdftex.def)             Requested size: 421.4536pt x 598.00826pt.
File: source-1.pdf Graphic file (type pdf)
<use source-1.pdf, page 64>
Package pdftex.def Info: source-1.pdf , page64 used on input line 7.
(pdftex.def)             Requested size: 421.4536pt x 598.00826pt.
File: source-1.pdf Graphic file (type pdf)
<use source-1.pdf, page 63>
Package pdftex.def Info: source-1.pdf , page63 used on input line 7.
(pdftex.def)             Requested size: 421.4536pt x 598.00826pt.
File: source-1.pdf Graphic file (type pdf)
<use source-1.pdf, page 64>
Package pdftex.def Info: source-1.pdf , page64 used on input line 7.
(pdftex.def)             Requested size: 421.4536pt x 598.00826pt.
[32

 <./source-1.pdf> <./source-1.pdf>]
<source-1.pdf, id=199, page=65, 421.10124pt x 597.50829pt>
File: source-1.pdf Graphic file (type pdf)
<use source-1.pdf, page 65>
Package pdftex.def Info: source-1.pdf , page65 used on input line 7.
(pdftex.def)             Requested size: 421.4536pt x 598.00826pt.
File: source-1.pdf Graphic file (type pdf)
<use source-1.pdf, page 65>
Package pdftex.def Info: source-1.pdf , page65 used on input line 7.
(pdftex.def)             Requested size: 421.4536pt x 598.00826pt.
<source-1.pdf, id=200, page=66, 421.10124pt x 597.50829pt>
File: source-1.pdf Graphic file (type pdf)
<use source-1.pdf, page 66>
Package pdftex.def Info: source-1.pdf , page66 used on input line 7.
(pdftex.def)             Requested size: 421.4536pt x 598.00826pt.
File: source-1.pdf Graphic file (type pdf)
<use source-1.pdf, page 66>
Package pdftex.def Info: source-1.pdf , page66 used on input line 7.
(pdftex.def)             Requested size: 421.4536pt x 598.00826pt.
File: source-1.pdf Graphic file (type pdf)
<use source-1.pdf, page 65>
Package pdftex.def Info: source-1.pdf , page65 used on input line 7.
(pdftex.def)             Requested size: 421.4536pt x 598.00826pt.
File: source-1.pdf Graphic file (type pdf)
<use source-1.pdf, page 66>
Package pdftex.def Info: source-1.pdf , page66 used on input line 7.
(pdftex.def)             Requested size: 421.4536pt x 598.00826pt.
[33

 <./source-1.pdf> <./source-1.pdf>]
<source-1.pdf, id=204, page=67, 421.10124pt x 597.50829pt>
File: source-1.pdf Graphic file (type pdf)
<use source-1.pdf, page 67>
Package pdftex.def Info: source-1.pdf , page67 used on input line 7.
(pdftex.def)             Requested size: 421.4536pt x 598.00826pt.
File: source-1.pdf Graphic file (type pdf)
<use source-1.pdf, page 67>
Package pdftex.def Info: source-1.pdf , page67 used on input line 7.
(pdftex.def)             Requested size: 421.4536pt x 598.00826pt.
<source-1.pdf, id=205, page=68, 421.10124pt x 597.50829pt>
File: source-1.pdf Graphic file (type pdf)
<use source-1.pdf, page 68>
Package pdftex.def Info: source-1.pdf , page68 used on input line 7.
(pdftex.def)             Requested size: 421.4536pt x 598.00826pt.
File: source-1.pdf Graphic file (type pdf)
<use source-1.pdf, page 68>
Package pdftex.def Info: source-1.pdf , page68 used on input line 7.
(pdftex.def)             Requested size: 421.4536pt x 598.00826pt.
File: source-1.pdf Graphic file (type pdf)
<use source-1.pdf, page 67>
Package pdftex.def Info: source-1.pdf , page67 used on input line 7.
(pdftex.def)             Requested size: 421.4536pt x 598.00826pt.
File: source-1.pdf Graphic file (type pdf)
<use source-1.pdf, page 68>
Package pdftex.def Info: source-1.pdf , page68 used on input line 7.
(pdftex.def)             Requested size: 421.4536pt x 598.00826pt.
[34

 <./source-1.pdf> <./source-1.pdf>]
<source-1.pdf, id=209, page=69, 421.10124pt x 597.50829pt>
File: source-1.pdf Graphic file (type pdf)
<use source-1.pdf, page 69>
Package pdftex.def Info: source-1.pdf , page69 used on input line 7.
(pdftex.def)             Requested size: 421.4536pt x 598.00826pt.
File: source-1.pdf Graphic file (type pdf)
<use source-1.pdf, page 69>
Package pdftex.def Info: source-1.pdf , page69 used on input line 7.
(pdftex.def)             Requested size: 421.4536pt x 598.00826pt.
<source-1.pdf, id=210, page=70, 421.10124pt x 597.50829pt>
File: source-1.pdf Graphic file (type pdf)
<use source-1.pdf, page 70>
Package pdftex.def Info: source-1.pdf , page70 used on input line 7.
(pdftex.def)             Requested size: 421.4536pt x 598.00826pt.
File: source-1.pdf Graphic file (type pdf)
<use source-1.pdf, page 70>
Package pdftex.def Info: source-1.pdf , page70 used on input line 7.
(pdftex.def)             Requested size: 421.4536pt x 598.00826pt.
File: source-1.pdf Graphic file (type pdf)
<use source-1.pdf, page 69>
Package pdftex.def Info: source-1.pdf , page69 used on input line 7.
(pdftex.def)             Requested size: 421.4536pt x 598.00826pt.
File: source-1.pdf Graphic file (type pdf)
<use source-1.pdf, page 70>
Package pdftex.def Info: source-1.pdf , page70 used on input line 7.
(pdftex.def)             Requested size: 421.4536pt x 598.00826pt.
[35

 <./source-1.pdf> <./source-1.pdf>]
<source-1.pdf, id=214, page=71, 421.10124pt x 597.50829pt>
File: source-1.pdf Graphic file (type pdf)
<use source-1.pdf, page 71>
Package pdftex.def Info: source-1.pdf , page71 used on input line 7.
(pdftex.def)             Requested size: 421.4536pt x 598.00826pt.
File: source-1.pdf Graphic file (type pdf)
<use source-1.pdf, page 71>
Package pdftex.def Info: source-1.pdf , page71 used on input line 7.
(pdftex.def)             Requested size: 421.4536pt x 598.00826pt.
<source-1.pdf, id=215, page=72, 421.10124pt x 597.50829pt>
File: source-1.pdf Graphic file (type pdf)
<use source-1.pdf, page 72>
Package pdftex.def Info: source-1.pdf , page72 used on input line 7.
(pdftex.def)             Requested size: 421.4536pt x 598.00826pt.
File: source-1.pdf Graphic file (type pdf)
<use source-1.pdf, page 72>
Package pdftex.def Info: source-1.pdf , page72 used on input line 7.
(pdftex.def)             Requested size: 421.4536pt x 598.00826pt.
File: source-1.pdf Graphic file (type pdf)
<use source-1.pdf, page 71>
Package pdftex.def Info: source-1.pdf , page71 used on input line 7.
(pdftex.def)             Requested size: 421.4536pt x 598.00826pt.
File: source-1.pdf Graphic file (type pdf)
<use source-1.pdf, page 72>
Package pdftex.def Info: source-1.pdf , page72 used on input line 7.
(pdftex.def)             Requested size: 421.4536pt x 598.00826pt.
[36

 <./source-1.pdf> <./source-1.pdf>] (./a.aux)
 ***********
LaTeX2e <2025-11-01>
L3 programming layer <2026-01-19>
 ***********
 ) 
Here is how much of TeX's memory you used:
 3787 strings out of 467525
 62986 string characters out of 5418982
 476378 words of memory out of 5000000
 32688 multiletter control sequences out of 15000+600000
 627721 words of font info for 40 fonts, out of 8000000 for 9000
 1141 hyphenation exceptions out of 8191
 72i,17n,90p,292b,437s stack positions out of 10000i,1000n,20000p,200000b,200000s
</usr/local/texlive/2026/texmf-dist/fonts/type1/public/lm/lmbx10.pfb></usr/lo
cal/texlive/2026/texmf-dist/fonts/type1/public/lm/lmbx12.pfb></usr/local/texliv
e/2026/texmf-dist/fonts/type1/public/lm/lmr10.pfb></usr/local/texlive/2026/texm
f-dist/fonts/type1/public/lm/lmro10.pfb>
Output written on a.pdf (36 pages, 210462 bytes).
PDF statistics:
 227 PDF objects out of 1000 (max. 8388607)
 104 compressed objects within 2 object streams
 0 named destinations out of 1000 (max. 500000)
 371 words of extra memory for PDF output out of 10000 (max. 10000000)

